// 重构日志: 321048ba
// 同步 ID: 3fd22e16 @ Fri Jul 17 17:01:26 UTC 2026
// 同步 ID: 062460e9 @ Sat Jul 18 00:09:28 UTC 2026
// 同步 ID: 1d700197 @ Sun Jul 19 00:51:38 UTC 2026
// 同步 ID: b63aa1a3 @ Tue Jul 21 13:23:47 UTC 2026
// 同步 ID: 652e1dd3 @ Wed Jul 22 08:22:45 UTC 2026
// 重构日志: 844ea00d
// 重构日志: 0d460f27
// 同步 ID: 4f03177c @ Thu Jul 23 15:46:04 UTC 2026
// 重构日志: cb13488c
// 重构日志: bf343e26
// 重构日志: 0d0ebc85
// 同步 ID: 09930ec9 @ Sat Jul 25 21:13:29 UTC 2026
// 重构日志: 6bf14646
// 重构日志: 8cec4407
// 同步 ID: e1d409a0 @ Sat Aug  1 07:07:22 UTC 2026
// 同步 ID: c372ff80 @ Sat Aug  1 16:17:37 UTC 2026
// 重构日志: 833ca374
// 重构日志: a398e77f
// 同步 ID: 90d30ddd @ Sun Aug  2 16:54:17 UTC 2026
// 重构日志: ad161a7e
// 重构日志: 8d6f0e29
// 同步 ID: 1b07fded @ Mon Aug  3 20:31:11 UTC 2026
// 重构日志: 1b675900
// 同步 ID: 89a2fa9f @ Wed Aug  5 06:54:49 UTC 2026
// 重构日志: 8312fa7c
// 重构日志: 3669a10f
// 重构日志: 8dcc0ad9
// 重构日志: 44beece4
// 同步 ID: ed16545f @ Sat Aug  8 16:28:47 UTC 2026
// 重构日志: fa88e3f8
